RAM Allocation [bytes]
Variable                                                                          Address   Size
------------------------------------------------------------------------------------------------
usb_rx_buf                                                                        0x00E0      22
usb_tx_buf                                                                        0x00F6      11
usb_tx_state                                                                      0x0101       1
usb_tx_total                                                                      0x0102       1
usb_tx_data                                                                       0x0103       2

EEPROM Allocation [bytes]
Variable                                                                          Address   Size
------------------------------------------------------------------------------------------------

Register Allocation
Variable                                                                          Register  Size
------------------------------------------------------------------------------------------------
tx_ack                                                                            R3           1
tx_nak                                                                            R2           1
usb_rx_off                                                                        R5           1
usb_rx_len                                                                        R4           1
usb_rx_token                                                                      R7           1
usb_tx_len                                                                        R6           1
usb_address                                                                       R9           1
usb_new_address                                                                   R8           1

FLASH Allocation [words]
Function                                                                          Address   Size
------------------------------------------------------------------------------------------------
usb_receive_G000                                                                  0x00060    147
usb_transmit_G000                                                                 0x000F3     98
usb_init                                                                          0x00155     12
usb_poll                                                                          0x00161     40
usb_setup                                                                         0x00189      1
usb_out                                                                           0x0018A      2
crc                                                                               0x0018C     27
main                                                                              0x001A7      4
