RAM Allocation [bytes]
Variable                                                                          Address   Size
------------------------------------------------------------------------------------------------
terror                                                                            0x06B3      32
Stat                                                                              0x06D3       1
Timer1                                                                            0x06D4       1
Timer2                                                                            0x06D5       1
CardType                                                                          0x06D6       1
twiBuf                                                                            0x06D7       8
twiState                                                                          0x06DF       1
twiMsgSize                                                                        0x06E0       1
pre                                                                               0x06E1       4
ptr                                                                               0x06E5       1
FatFs                                                                             0x06E6       2
Fsid                                                                              0x06E8       2
g_FileInfo                                                                        0x06EA     192
file                                                                              0x07AA      32
fn16_str                                                                          0x07CA      13
rootpath                                                                          0x07D7      32
audiobuf                                                                          0x07F7      64
bFileInfoWindow                                                                   0x0837       1
bFormatAlert                                                                      0x0838       1
bTextReader                                                                       0x0839       1
bMusicPlayer                                                                      0x083A       1
scroll_index                                                                      0x083B       2
state                                                                             0x083D       2
bMusicFOpened                                                                     0x083F       1
vcc                                                                               0x0840       2
_seed                                                                             0x0842       4

EEPROM Allocation [bytes]
Variable                                                                          Address   Size
------------------------------------------------------------------------------------------------

Register Allocation
Variable                                                                          Register  Size
------------------------------------------------------------------------------------------------
bIsfOpened                                                                        R4           1
select_file_index                                                                 R5,R6        2
select_file_option_index                                                          R7,R8        2
nNofDirFiles                                                                      R9,R10       2
nKey                                                                              R11,R12      2
nAudioBufferIndex                                                                 R13,R14      2
bSelect                                                                           R3           1

FLASH Allocation [words]
Function                                                                          Address   Size
------------------------------------------------------------------------------------------------
nlcd_Init                                                                         0x00335     94
nlcd_InitSPI                                                                      0x00393      5
nlcd_SendCmd                                                                      0x00398     21
nlcd_SendDataByte                                                                 0x003AD     20
nlcd_PixelLine2x1                                                                 0x003C1     62
nlcd_HorizontalLine                                                               0x003FF     29
nlcd_InitPixelBuffer                                                              0x0041C     31
nlcd_WritePixelBuffer                                                             0x0043B     55
nlcd_RenderPixelBuffer                                                            0x00472    143
nlcd_Clear                                                                        0x00501     86
nlcd_Box                                                                          0x00557    463
nlcd_Char                                                                         0x00726    154
nlcd_String                                                                       0x007C0     30
SPI_Init                                                                          0x007DE     15
SPI_Release                                                                       0x007ED      4
xchg_spi_G000                                                                     0x007F1      8
xmit_spi_multi_G000                                                               0x007F9     27
rcvr_spi_multi_G000                                                               0x00814     35
wait_ready_G000                                                                   0x00837     34
deselect_G000                                                                     0x00859      4
select_G000                                                                       0x0085D     17
rcvr_datablock_G000                                                               0x0086E     61
xmit_datablock_G000                                                               0x008AB     41
send_cmd_G000                                                                     0x008D4     91
disk_initialize                                                                   0x0092F    190
disk_status                                                                       0x009ED     10
disk_read                                                                         0x009F7     97
disk_write                                                                        0x00A58    132
disk_ioctl                                                                        0x00ADC    410
TWI_MasterInit                                                                    0x00C76     53
TWI_TransceiverBusy_G000                                                          0x00CAB      4
TWI_SendData                                                                      0x00CAF     42
TWI_GetData                                                                       0x00CD9     30
TWI_Isr                                                                           0x00CF7    137
mem_cpy_G000                                                                      0x00D80     31
mem_set_G000                                                                      0x00D9F     23
mem_cmp_G000                                                                      0x00DB6     37
chk_chr_G000                                                                      0x00DDB     27
sync_window_G000                                                                  0x00DF6    125
move_window_G000                                                                  0x00E73     50
sync_fs_G000                                                                      0x00EA5    272
clust2sect                                                                        0x00FB5     61
get_fat                                                                           0x00FF2    314
put_fat                                                                           0x0112C    389
remove_chain_G000                                                                 0x012B1    151
create_chain_G000                                                                 0x01348    321
dir_sdi_G000                                                                      0x01489    259
dir_next_G000                                                                     0x0158C    391
dir_alloc_G000                                                                    0x01713     71
ld_clust_G000                                                                     0x0175A     41
st_clust_G000                                                                     0x01783     33
dir_find_G000                                                                     0x017A4     79
dir_read_G000                                                                     0x017F3     92
dir_register_G000                                                                 0x0184F     68
dir_remove_G000                                                                   0x01893     49
get_fileinfo_G000                                                                 0x01989    151
get_ldnumber_G000                                                                 0x01A20     46
follow_path_G000                                                                  0x01A4E    134
check_fs_G000                                                                     0x01AD4    185
find_volume_G000                                                                  0x01B8D   1237
validate_G000                                                                     0x02062     46
f_mount                                                                           0x02090     69
f_open                                                                            0x020D5    361
f_read                                                                            0x0223E    486
f_write                                                                           0x02424    640
f_sync                                                                            0x026A4    162
f_lseek                                                                           0x02759    583
f_opendir                                                                         0x029A0    119
f_readdir                                                                         0x02A17     89
f_unlink                                                                          0x02A70    183
f_mkdir                                                                           0x02B27    373
putc_bfd_G000                                                                     0x02C9C     86
f_puts                                                                            0x02CF2     87
get_fattime                                                                       0x02D49      5
GetKeysStatus                                                                     0x02D4E     32
TIM0_OVF_func                                                                     0x02D6E     23
EXT_INT0_func                                                                     0x02D85     34
browser_scan_files                                                                0x02DA7    478
fileinfo_window                                                                   0x02F85    160
browser_init                                                                      0x03025    637
text_reader_init                                                                  0x032A2      1
music_player_init                                                                 0x032A3    180
ADC_Init                                                                          0x03357     10
ReadADC                                                                           0x03361     34
main                                                                              0x03383    253
memmove                                                                           0x03480     31
memset                                                                            0x0349F     16
strcat                                                                            0x034AF     17
strcmp                                                                            0x034C0     20
strcpy                                                                            0x034D4     13
strcpyf                                                                           0x034E1     13
strlen                                                                            0x034EE     12
strlenf                                                                           0x034FA     13
put_buff_G101                                                                     0x03507     64
_ftoe_G101                                                                        0x03547    355
_print_G101                                                                       0x036AA    749
sprintf                                                                           0x03997     60
ftoa                                                                              0x039D3    296
allocate_block_G102                                                               0x03AFB     72
find_prev_block_G102                                                              0x03B43     30
realloc                                                                           0x03B61     72
malloc                                                                            0x03BA9     29
free                                                                              0x03BC6     11
ftrunc                                                                            0x03BD1     49
floor                                                                             0x03C02     23
